
> travel-planner@0.1.0 build
> next build --webpack

⚠ Attempted to load @next/swc-win32-x64-msvc, but an error occurred: \\?\C:\Users\jim.tsou\travel-planner\node_modules\@next\swc-win32-x64-msvc\next-swc.win32-x64-msvc.node is not a valid Win32 application.
\\?\C:\Users\jim.tsou\travel-planner\node_modules\@next\swc-win32-x64-msvc\next-swc.win32-x64-msvc.node
⚠ Warning: Next.js inferred your workspace root, but it may not be correct.
 We detected multiple lockfiles and selected the directory of C:\Users\jim.tsou\package-lock.json as the root directory.
 To silence this warning, set `outputFileTracingRoot` in your Next.js config, or consider removing one of the lockfiles if it's not needed.
   See https://nextjs.org/docs/app/api-reference/config/next-config-js/output#caveats for more information.
 Detected additional lockfiles: 
   * C:\Users\jim.tsou\travel-planner\package-lock.json

  Skipping creating a lockfile at C:\Users\jim.tsou\travel-planner\.next\lock because we're using WASM bindings
▲ Next.js 16.2.1 (webpack)
- Environments: .env.local

  Creating an optimized production build ...
⚠ Attempted to load @next/swc-win32-x64-msvc, but an error occurred: \\?\C:\Users\jim.tsou\travel-planner\node_modules\@next\swc-win32-x64-msvc\next-swc.win32-x64-msvc.node is not a valid Win32 application.
\\?\C:\Users\jim.tsou\travel-planner\node_modules\@next\swc-win32-x64-msvc\next-swc.win32-x64-msvc.node
⚠ Attempted to load @next/swc-win32-x64-msvc, but an error occurred: \\?\C:\Users\jim.tsou\travel-planner\node_modules\@next\swc-win32-x64-msvc\next-swc.win32-x64-msvc.node is not a valid Win32 application.
\\?\C:\Users\jim.tsou\travel-planner\node_modules\@next\swc-win32-x64-msvc\next-swc.win32-x64-msvc.node
⚠ Attempted to load @next/swc-win32-x64-msvc, but an error occurred: \\?\C:\Users\jim.tsou\travel-planner\node_modules\@next\swc-win32-x64-msvc\next-swc.win32-x64-msvc.node is not a valid Win32 application.
\\?\C:\Users\jim.tsou\travel-planner\node_modules\@next\swc-win32-x64-msvc\next-swc.win32-x64-msvc.node
✓ Compiled successfully in 1675ms
  Running TypeScript ...
⚠ Attempted to load @next/swc-win32-x64-msvc, but an error occurred: \\?\C:\Users\jim.tsou\travel-planner\node_modules\@next\swc-win32-x64-msvc\next-swc.win32-x64-msvc.node is not a valid Win32 application.
\\?\C:\Users\jim.tsou\travel-planner\node_modules\@next\swc-win32-x64-msvc\next-swc.win32-x64-msvc.node
  Finished TypeScript in 2.8s ...
  Collecting page data using 5 workers ...
  Generating static pages using 5 workers (0/4) ...
⚠ Attempted to load @next/swc-win32-x64-msvc, but an error occurred: \\?\C:\Users\jim.tsou\travel-planner\node_modules\@next\swc-win32-x64-msvc\next-swc.win32-x64-msvc.node is not a valid Win32 application.
\\?\C:\Users\jim.tsou\travel-planner\node_modules\@next\swc-win32-x64-msvc\next-swc.win32-x64-msvc.node
  Generating static pages using 5 workers (1/4) 
  Generating static pages using 5 workers (2/4) 
  Generating static pages using 5 workers (3/4) 
✓ Generating static pages using 5 workers (4/4) in 741ms
  Finalizing page optimization ...
  Collecting build traces ...

Route (app)
┌ ○ /
└ ○ /_not-found


○  (Static)  prerendered as static content

